// Jest Snapshot v1, https://goo.gl/fbAQLP

exports[`AggregateReportLegendExplanation when getting a aggregate report legend explanation it should match the snapshot 1`] = `
<div>
  <h3
    class="ui header"
  >
    Title
  </h3>
  <p>
    Explanation
  </p>
</div>
`;
