// Jest Snapshot v1, https://goo.gl/fbAQLP

exports[`DomainSecurityTlsSummary when no records are provided it should match the snapshot 1`] = `
<div>
  <p>
    foo
  </p>
  <p>
    <a
      href="/domain-security/tls-advice"
    >
      View NCSC advice on TLS
    </a>
  </p>
  <div
    class="ui large success message DomainSecurityMessage--container"
  >
    No MX records found.
  </div>
</div>
`;
